I'm sorry, but errors were detected in your script. Please correct the
errors listed below, and try again.


File "game/script.rpy", line 91: indentation mismatch.

Ren'Py Version: Ren'Py 7.4.4.1439
Sat Jun 19 20:00:24 2021
